// Jest Snapshot v1, https://goo.gl/fbAQLP

exports[`Detail renders correctly 1`] = `
<div
  className="details-container"
/>
`;
